// Jest Snapshot v1, https://goo.gl/fbAQLP

exports[`should render catalog list correctly 1`] = `
<CatalogList
  catalog={
    Array [
      Object {
        "category": "Breakfast",
        "comments": 5,
        "createdAt": "2017-12-25T11:49:01.973Z",
        "description": "just do it",
        "direction": "just do it",
        "downvote": 0,
        "favorite": 2,
        "foodImg": "https://res.cloudinary.com/emasys/image/upload/v1514202541/hse0xuqzyqlxjqwemigv.jpg",
        "id": 1,
        "ingredients": Array [
          "water",
          "oil",
          "pepper",
          "salt",
        ],
        "name": "How to cook yam",
        "reactionDown": Array [],
        "reactionUp": Array [
          1,
          3,
        ],
        "recipeCount": null,
        "searchIng": null,
        "updatedAt": "2018-01-25T06:05:27.480Z",
        "upvote": 2,
        "userId": 1,
        "views": 3,
      },
    ]
  }
>
  <div
    className="row justify-content-center"
  >
    <div
      className="col-lg-3 col-sm-8 mb-20 col-md-4 animate-catalog"
      data-animate="bounceIn"
      data-delay="0.1s"
      data-duration="1.0s"
      data-offset="100"
      key="0"
    >
      <div>
        <Link
          className=" hvr-grow-shadow"
          replace={false}
          to="/recipe/1"
        />
      </div>
    </div>
  </div>
</CatalogList>
`;

exports[`should render catalog list correctly with empty props 1`] = `
<CatalogList
  catalog={Array []}
>
  <div
    className="row justify-content-center"
  >
    <div
      className="text-center error-message"
    >
      <div
        className="catalog "
      >
        <img
          alt="logo"
          src="https://res.cloudinary.com/emasys/image/upload/v1516439649/mR_2_jwnuce.png"
        />
        <h4
          className="p-3 m-2 text-center"
        >
          ...Oops
        </h4>
        <p
          className="p-3 m-2 text-center"
        >
          No recipe found
        </p>
        <p
          className="p-3 m-2 text-center"
        >
          <Link
            className="btn btn-outline-dark hvr-icon-back"
            replace={false}
            to="/"
          />
        </p>
      </div>
    </div>
  </div>
</CatalogList>
`;
