// Jest Snapshot v1, https://goo.gl/fbAQLP

exports[`should render Footer correctly 1`] = `
<div>
  <footer
    className="container-fluid footer-main bg-dark"
  >
    <div
      className="container "
    >
      <div
        className="row "
      >
        <div
          className="col-12 footer-social text-center mt-20"
        >
          <a
            href="https://web.facebook.com/emasys23"
            rel="noopener noreferrer"
            target="_blank"
          >
            <i
              aria-hidden="true"
              className="fa fa-facebook-square text-white fa-2x"
            />
          </a>
           
          <a
            href="https://twitter.com/emasys_nd"
            rel="noopener noreferrer"
            target="_blank"
          >
            <i
              aria-hidden="true"
              className="fa fa-twitter-square text-white fa-2x"
            />
          </a>
           
          <a
            href="https://github.com/emasys"
            rel="noopener noreferrer"
            target="_blank"
          >
            <i
              aria-hidden="true"
              className="fa fa-github-square text-white fa-2x"
            />
          </a>
          <p
            className="text-center text-white"
          >
            © 
            2018
          </p>
        </div>
      </div>
    </div>
  </footer>
</div>
`;
