// Jest Snapshot v1, https://goo.gl/fbAQLP

exports[`should render favorite 1`] = `
<GeneraterecipeItem
  downvote={[Function]}
  favIt={[Function]}
  foodImg=""
  handleDrop={[Function]}
  handleImg={[Function]}
  hoverIn={[Function]}
  hoverOut={[Function]}
  reactionDown={Array []}
  reactionUp={Array []}
  state={
    Object {
      "recipeItem": Object {
        "recipe": Object {
          "category": "Breakfast",
          "comments": 1,
          "createdAt": "2017-12-31T18:42:38.431Z",
          "description": "axx",
          "direction": "xax",
          "downvote": 0,
          "favorite": 2,
          "foodImg": "http://res.cloudinary.com/emasys/image/upload/v1514552968/thumb_image_not_available_dqr7h2.png",
          "id": 26,
          "ingredients": Array [
            "xs",
          ],
          "name": "msnbxmanmaxmnaxbaxbnbxasdadaasdad ba xbn xanb xaxasxxax",
          "reactionDown": Array [],
          "reactionUp": Array [],
          "recipeCount": null,
          "searchIng": null,
          "updatedAt": "2018-01-14T18:55:09.486Z",
          "upvote": 0,
          "userId": 1,
          "views": 11,
        },
      },
    }
  }
  upvote={[Function]}
>
  <div>
    <div>
      <button
        className="btn btn-success mb-5 undefined"
        onClick={[Function]}
      >
        Upload Image
      </button>
    </div>
    <figure
      className="img-wrapper"
      onMouseEnter={[Function]}
      onMouseLeave={[Function]}
    >
      <img
        alt="foodie"
        className="img-fluid rounded recipeImage"
        src=""
      />
    </figure>
    <div
      className="d-inline mt-3 reaction-pane"
    >
      <span
        className="text-center card-link"
        onClick={[Function]}
      >
        <i
          aria-hidden="true"
          className="fa  fa-heart gray fa-2x"
          id="favorite"
        />
        <em
          className="bg-dark"
        >
          2
        </em>
      </span>
      <span
        className="text-center card-link m-1"
        onClick={[Function]}
      >
        <i
          aria-hidden="true"
          className="fa fa-thumbs-up gray fa-2x"
          id="like"
        />
        <em
          className="bg-success"
        >
          0
        </em>
      </span>
      <span
        className="text-center card-link m-1"
        onClick={[Function]}
      >
        <i
          aria-hidden="true"
          className="fa fa-thumbs-down gray fa-2x"
          id="dislike"
        />
        <em
          className="bg-danger"
        >
          0
        </em>
      </span>
      <span
        className="text-center card-link m-1"
        onClick={[Function]}
      >
        <i
          aria-hidden="true"
          className="fa fa-eye fa-2x gray"
          id="views"
        />
        <em
          className=" bg-dark"
        >
          11
        </em>
      </span>
      <div
        className="m-1 float-right d-inline"
      >
        <i
          aria-hidden="true"
          className="fa fa-tag "
        />
        <Link
          replace={false}
          to="/category/Breakfast"
        />
      </div>
    </div>
  </div>
</GeneraterecipeItem>
`;

exports[`should render favorite list correctly with one favorite recipe 1`] = `
<GeneraterecipeItem
  downvote={[Function]}
  favIt={[Function]}
  foodImg=""
  handleDrop={[Function]}
  handleImg={[Function]}
  hoverIn={[Function]}
  hoverOut={[Function]}
  reactionDown={Array []}
  reactionUp={Array []}
  state={
    Object {
      "recipeItem": Object {
        "recipe": Object {
          "category": "Breakfast",
          "comments": 1,
          "createdAt": "2017-12-31T18:42:38.431Z",
          "description": "axx",
          "direction": "xax",
          "downvote": 0,
          "favorite": 2,
          "foodImg": "http://res.cloudinary.com/emasys/image/upload/v1514552968/thumb_image_not_available_dqr7h2.png",
          "id": 26,
          "ingredients": Array [
            "xs",
          ],
          "name": "msnbxmanmaxmnaxbaxbnbxasdadaasdad ba xbn xanb xaxasxxax",
          "reactionDown": Array [],
          "reactionUp": Array [],
          "recipeCount": null,
          "searchIng": null,
          "updatedAt": "2018-01-14T18:55:09.486Z",
          "upvote": 0,
          "userId": 1,
          "views": 11,
        },
      },
    }
  }
  upvote={[Function]}
>
  <div>
    <div>
      <button
        className="btn btn-success mb-5 undefined"
        onClick={[Function]}
      >
        Upload Image
      </button>
    </div>
    <figure
      className="img-wrapper"
      onMouseEnter={[Function]}
      onMouseLeave={[Function]}
    >
      <img
        alt="foodie"
        className="img-fluid rounded recipeImage"
        src=""
      />
    </figure>
    <div
      className="d-inline mt-3 reaction-pane"
    >
      <span
        className="text-center card-link"
        onClick={[Function]}
      >
        <i
          aria-hidden="true"
          className="fa  fa-heart gray fa-2x"
          id="favorite"
        />
        <em
          className="bg-dark"
        >
          2
        </em>
      </span>
      <span
        className="text-center card-link m-1"
        onClick={[Function]}
      >
        <i
          aria-hidden="true"
          className="fa fa-thumbs-up gray fa-2x"
          id="like"
        />
        <em
          className="bg-success"
        >
          0
        </em>
      </span>
      <span
        className="text-center card-link m-1"
        onClick={[Function]}
      >
        <i
          aria-hidden="true"
          className="fa fa-thumbs-down gray fa-2x"
          id="dislike"
        />
        <em
          className="bg-danger"
        >
          0
        </em>
      </span>
      <span
        className="text-center card-link m-1"
        onClick={[Function]}
      >
        <i
          aria-hidden="true"
          className="fa fa-eye fa-2x gray"
          id="views"
        />
        <em
          className=" bg-dark"
        >
          11
        </em>
      </span>
      <div
        className="m-1 float-right d-inline"
      >
        <i
          aria-hidden="true"
          className="fa fa-tag "
        />
        <Link
          replace={false}
          to="/category/Breakfast"
        />
      </div>
    </div>
  </div>
</GeneraterecipeItem>
`;
