// Jest Snapshot v1, https://goo.gl/fbAQLP

exports[`Test suite for add recipe page should match snapshot 1`] = `
<AddRecipeForm
  handleForm={[Function]}
  onFocus={[Function]}
  state={
    Object {
      "nameConflict": false,
      "required": false,
    }
  }
>
  <form
    onSubmit={[Function]}
  >
    <ul
      className="form row p-10 mb-10"
    >
      <li
        className="col-12"
      >
        <label>
          Recipe Name
        </label>
        <input
          className="col-12"
          id="inputRecipe"
          name="recipe"
          onFocus={[Function]}
          placeholder="Name of recipe"
          required={true}
          type="text"
        />
      </li>
      <li
        className="col-12"
      >
        <label
          htmlFor="description"
        >
          Description
        </label>
        <TextareaAutosize
          className="col-12"
          id="description"
          maxLength={400}
          maxRows={20}
          minRows={1}
          name="description"
          onChange={[Function]}
          onFocus={[Function]}
          onHeightChange={[Function]}
          placeholder="a short description of your recipe (400 characters)"
          required={true}
          useCacheForDOMMeasurements={false}
        >
          <textarea
            className="col-12"
            id="description"
            maxLength={400}
            name="description"
            onChange={[Function]}
            onFocus={[Function]}
            placeholder="a short description of your recipe (400 characters)"
            required={true}
            style={
              Object {
                "height": -80,
              }
            }
          />
        </TextareaAutosize>
      </li>
      <li
        className="col-12"
      >
        <label
          className="col-form-label"
          htmlFor="ingredients"
        >
          Ingredients
        </label>
        <TextareaAutosize
          className="col-12"
          id="ingredients"
          maxRows={10}
          minRows={1}
          name="ingredients"
          onChange={[Function]}
          onFocus={[Function]}
          onHeightChange={[Function]}
          placeholder="Add your ingredients and separate with a comma ','"
          required={true}
          useCacheForDOMMeasurements={false}
        >
          <textarea
            className="col-12"
            id="ingredients"
            name="ingredients"
            onChange={[Function]}
            onFocus={[Function]}
            placeholder="Add your ingredients and separate with a comma ','"
            required={true}
            style={
              Object {
                "height": -40,
              }
            }
          />
        </TextareaAutosize>
      </li>
      <li
        className="col-12"
      >
        <label
          htmlFor="direction"
        >
          Direction
        </label>
        <TextareaAutosize
          className="col-12"
          id="direction"
          maxRows={20}
          minRows={1}
          name="direction"
          onChange={[Function]}
          onFocus={[Function]}
          onHeightChange={[Function]}
          placeholder="how to make it happen"
          required={true}
          useCacheForDOMMeasurements={false}
        >
          <textarea
            className="col-12"
            id="direction"
            name="direction"
            onChange={[Function]}
            onFocus={[Function]}
            placeholder="how to make it happen"
            required={true}
            style={
              Object {
                "height": -80,
              }
            }
          />
        </TextareaAutosize>
      </li>
      <li
        className="special col-12"
      >
        <label>
          Category
        </label>
        <select
          className="col-12 "
          name="category"
          style={
            Object {
              "height": "50px",
            }
          }
        >
          <option
            className="text-capitalize"
            key="Breakfast"
            value="Breakfast"
          >
            Breakfast
          </option>
          <option
            className="text-capitalize"
            key="Brunch"
            value="Brunch"
          >
            Brunch
          </option>
          <option
            className="text-capitalize"
            key="Lunch"
            value="Lunch"
          >
            Lunch
          </option>
          <option
            className="text-capitalize"
            key="Snacks"
            value="Snacks"
          >
            Snacks
          </option>
          <option
            className="text-capitalize"
            key="Appetisers"
            value="Appetisers"
          >
            Appetisers
          </option>
          <option
            className="text-capitalize"
            key="Dinner"
            value="Dinner"
          >
            Dinner
          </option>
          <option
            className="text-capitalize"
            key="Soups"
            value="Soups"
          >
            Soups
          </option>
          <option
            className="text-capitalize"
            key="Noodles"
            value="Noodles"
          >
            Noodles
          </option>
          <option
            className="text-capitalize"
            key="Rice"
            value="Rice"
          >
            Rice
          </option>
          <option
            className="text-capitalize"
            key="Pasta"
            value="Pasta"
          >
            Pasta
          </option>
          <option
            className="text-capitalize"
            key="Meat"
            value="Meat"
          >
            Meat
          </option>
          <option
            className="text-capitalize"
            key="Poultry"
            value="Poultry"
          >
            Poultry
          </option>
          <option
            className="text-capitalize"
            key="Seafood"
            value="Seafood"
          >
            Seafood
          </option>
          <option
            className="text-capitalize"
            key="Vegetarian"
            value="Vegetarian"
          >
            Vegetarian
          </option>
          <option
            className="text-capitalize"
            key="Sides"
            value="Sides"
          >
            Sides
          </option>
          <option
            className="text-capitalize"
            key="Sauces"
            value="Sauces"
          >
            Sauces
          </option>
          <option
            className="text-capitalize"
            key="Baking"
            value="Baking"
          >
            Baking
          </option>
          <option
            className="text-capitalize"
            key="Desserts"
            value="Desserts"
          >
            Desserts
          </option>
          <option
            className="text-capitalize"
            key="Drinks"
            value="Drinks"
          >
            Drinks
          </option>
          <option
            className="text-capitalize"
            key="Salads"
            value="Salads"
          >
            Salads
          </option>
        </select>
      </li>
      <li
        className=" col-12 text-center "
      >
        <img
          alt="loading..."
          height="50"
          src="https://res.cloudinary.com/emasys/image/upload/v1516647862/Facebook-0.9s-200px_sqqnu9.gif"
          width="50"
        />
      </li>
    </ul>
  </form>
</AddRecipeForm>
`;
