// Jest Snapshot v1, https://goo.gl/fbAQLP

exports[`should render category correctly 1`] = `
<Category
  category={Object {}}
  getCategory={[Function]}
  match={
    Object {
      "params": Object {
        "cat": "Baking",
      },
    }
  }
  recipes={Object {}}
>
  <div>
    <Connect(Navbar)
      className="bg-dark fixed-top"
    />
    <div
      className="mt-80 mb-3"
    >
      <div
        className="container catalog-wrapper"
        id="catalog"
      >
        <CatalogList>
          <div
            className="row justify-content-center"
          />
        </CatalogList>
      </div>
    </div>
  </div>
</Category>
`;
