// Jest Snapshot v1, https://goo.gl/fbAQLP

exports[`should render navbar correctly with empty props 1`] = `
<BrowserRouter>
  <Router
    history={
      Object {
        "action": "POP",
        "block": [Function],
        "createHref": [Function],
        "go": [Function],
        "goBack": [Function],
        "goForward": [Function],
        "length": 1,
        "listen": [Function],
        "location": Object {
          "hash": "",
          "pathname": "blank",
          "search": "",
          "state": undefined,
        },
        "push": [Function],
        "replace": [Function],
      }
    }
  >
    <Navbar>
      <section
        className="container-fluid m-0 p-0"
      >
        <nav
          className="navbar navbar-expand-lg navbar-dark undefined"
          data-aos="flip-up"
          style={
            Object {
              "zIndex": 1000,
            }
          }
        >
          <div
            className="container"
          >
            <Link
              className="navbar-brand bolder ml-3 text-orange"
              replace={false}
              to="/"
            >
              <a
                className="navbar-brand bolder ml-3 text-orange"
                href="/"
                onClick={[Function]}
              >
                <span
                  className="nb"
                >
                  More Recipes
                </span>
              </a>
            </Link>
            <button
              aria-controls="navbarSupportedContent"
              aria-expanded="false"
              aria-label="Toggle navigation"
              className="navbar-toggler"
              data-target="#navbarSupportedContent"
              data-toggle="collapse"
              type="button"
            >
              <i
                aria-hidden="true"
                className="fa fa-bars fa-2x text-orange"
              />
            </button>
            <div
              className="collapse navbar-collapse justify-content-end"
              id="navbarSupportedContent"
            >
              <ul
                className="navbar-nav"
              >
                <li>
                  <NavLink
                    activeClassName="active"
                    ariaCurrent="true"
                    className="nav-link "
                    data-tip="Search for recipes"
                    to="/catalog"
                  >
                    <Route
                      path="/catalog"
                    >
                      <Link
                        aria-current={false}
                        className="nav-link "
                        data-tip="Search for recipes"
                        replace={false}
                        to="/catalog"
                      >
                        <a
                          aria-current={false}
                          className="nav-link "
                          data-tip="Search for recipes"
                          href="/catalog"
                          onClick={[Function]}
                        >
                          <i
                            className="material-icons fa-2x d-sm-none d-lg-inline"
                          >
                            
                          </i>
                          <span
                            className="d-lg-none"
                            style={
                              Object {
                                "verticalAlign": "top",
                              }
                            }
                          >
                            Search
                          </span>
                        </a>
                      </Link>
                    </Route>
                  </NavLink>
                </li>
                <li
                  className="nav-item"
                >
                  <NavLink
                    activeClassName="active"
                    ariaCurrent="true"
                    className="nav-link"
                    data-tip="Catalog"
                    to="/catalog"
                  >
                    <Route
                      path="/catalog"
                    >
                      <Link
                        aria-current={false}
                        className="nav-link"
                        data-tip="Catalog"
                        replace={false}
                        to="/catalog"
                      >
                        <a
                          aria-current={false}
                          className="nav-link"
                          data-tip="Catalog"
                          href="/catalog"
                          onClick={[Function]}
                        >
                          <i
                            aria-hidden="true"
                            className="material-icons fa-2x  d-sm-none d-lg-inline"
                          >
                            
                          </i>
                          <span
                            className="d-lg-none"
                            style={
                              Object {
                                "verticalAlign": "top",
                              }
                            }
                          >
                            Catalog
                          </span>
                        </a>
                      </Link>
                    </Route>
                  </NavLink>
                </li>
                <li
                  className="nav-item"
                >
                  <NavLink
                    activeClassName="active"
                    ariaCurrent="true"
                    className="nav-link "
                    data-tip="Your favorites"
                    to="/favorites"
                  >
                    <Route
                      path="/favorites"
                    >
                      <Link
                        aria-current={false}
                        className="nav-link "
                        data-tip="Your favorites"
                        replace={false}
                        to="/favorites"
                      >
                        <a
                          aria-current={false}
                          className="nav-link "
                          data-tip="Your favorites"
                          href="/favorites"
                          onClick={[Function]}
                        >
                          <i
                            className="material-icons fa-2x red d-sm-none d-lg-inline"
                          >
                            
                          </i>
                          <span
                            className="d-lg-none"
                            style={
                              Object {
                                "verticalAlign": "top",
                              }
                            }
                          >
                            Favorites
                          </span>
                        </a>
                      </Link>
                    </Route>
                  </NavLink>
                </li>
                <li
                  className="nav-item dropdown"
                >
                  <a
                    aria-expanded="false"
                    aria-haspopup="true"
                    className="nav-link "
                    data-toggle="dropdown"
                    href="#"
                    id="navbarDropdownMenuLink"
                  >
                    <i
                      className="material-icons fa-2x"
                    >
                      
                    </i>
                  </a>
                  <div
                    aria-labelledby="navbarDropdownMenuLink"
                    className="dropdown-menu dropdown-menu-right custom-dropdown"
                  >
                    <NavLinks>
                      <h6>
                        <Link
                          className="dropdown-item bold"
                          replace={false}
                          to="/signin"
                        >
                          <a
                            className="dropdown-item bold"
                            href="/signin"
                            onClick={[Function]}
                          >
                            Sign in
                          </a>
                        </Link>
                        <Link
                          className="dropdown-item bold"
                          replace={false}
                          to="/signup"
                        >
                          <a
                            className="dropdown-item bold"
                            href="/signup"
                            onClick={[Function]}
                          >
                            Sign up
                          </a>
                        </Link>
                      </h6>
                    </NavLinks>
                  </div>
                </li>
              </ul>
              <ReactTooltip
                effect="float"
                insecure={true}
                place="bottom"
                resizeHide={true}
                type="dark"
                wrapper="div"
              >
                <div
                  className="__react_component_tooltip place-top type-dark "
                  data-id="tooltip"
                />
              </ReactTooltip>
            </div>
          </div>
        </nav>
      </section>
    </Navbar>
  </Router>
</BrowserRouter>
`;
