// Jest Snapshot v1, https://goo.gl/fbAQLP

exports[`Test suite for add recipe page should match snapshot 1`] = `
<div>
  <form
    onSubmit={[Function]}
  >
    <ul
      className="form row justify-content-center"
    >
      <li
        className="col-lg-8 col-sm-12"
      >
        <label>
          Recipe Title
        </label>
        <input
          className="col-lg-11 col-sm-12"
          name="recipe"
          placeholder="Recipe Name"
          required={true}
          type="text"
        />
        <div
          className="text-danger undefined"
          id="recipe_error"
        >
          A recipe with this name already exist
        </div>
      </li>
      <li
        className="col-lg-8 col-sm-12"
      >
        <label>
          Ingredients
           
          <small>
            <em>
              separate each ingredient with a comma 
              ,
            </em>
          </small>
        </label>
        <TextareaAutosize
          className="col-lg-11 col-sm-12"
          id="FormControlTextarea"
          maxRows={50}
          minRows={1}
          name="ingredients"
          onChange={[Function]}
          onHeightChange={[Function]}
          useCacheForDOMMeasurements={false}
        />
      </li>
      <li
        className="col-lg-8 col-sm-12"
      >
        <label>
          Direction
        </label>
        <TextareaAutosize
          className="col-lg-11 col-sm-12"
          maxRows={50}
          minRows={1}
          name="direction"
          onChange={[Function]}
          onHeightChange={[Function]}
          useCacheForDOMMeasurements={false}
        />
      </li>
      <li
        className="col-lg-8 col-sm-12"
      >
        <label>
          Description
           
          <small>
            <em>
              400 characters
            </em>
          </small>
        </label>
        <TextareaAutosize
          className="col-lg-11 col-sm-12"
          id="FormControlTextarea"
          maxLength={400}
          maxRows={50}
          minRows={1}
          name="description"
          onChange={[Function]}
          onHeightChange={[Function]}
          useCacheForDOMMeasurements={false}
        />
      </li>
      <li
        className="col-lg-8 col-sm-12"
      >
        <label>
          Category
        </label>
        <select
          className="col-12 "
          id="selectBox"
          name="category"
          style={
            Object {
              "height": "50px",
            }
          }
        >
          <option
            className="text-capitalize"
            key="Breakfast"
            value="Breakfast"
          >
            Breakfast
          </option>
          <option
            className="text-capitalize"
            key="Brunch"
            value="Brunch"
          >
            Brunch
          </option>
          <option
            className="text-capitalize"
            key="Lunch"
            value="Lunch"
          >
            Lunch
          </option>
          <option
            className="text-capitalize"
            key="Snacks"
            value="Snacks"
          >
            Snacks
          </option>
          <option
            className="text-capitalize"
            key="Appetisers"
            value="Appetisers"
          >
            Appetisers
          </option>
          <option
            className="text-capitalize"
            key="Dinner"
            value="Dinner"
          >
            Dinner
          </option>
          <option
            className="text-capitalize"
            key="Soups"
            value="Soups"
          >
            Soups
          </option>
          <option
            className="text-capitalize"
            key="Noodles"
            value="Noodles"
          >
            Noodles
          </option>
          <option
            className="text-capitalize"
            key="Rice"
            value="Rice"
          >
            Rice
          </option>
          <option
            className="text-capitalize"
            key="Pasta"
            value="Pasta"
          >
            Pasta
          </option>
          <option
            className="text-capitalize"
            key="Meat"
            value="Meat"
          >
            Meat
          </option>
          <option
            className="text-capitalize"
            key="Poultry"
            value="Poultry"
          >
            Poultry
          </option>
          <option
            className="text-capitalize"
            key="Seafood"
            value="Seafood"
          >
            Seafood
          </option>
          <option
            className="text-capitalize"
            key="Vegetarian"
            value="Vegetarian"
          >
            Vegetarian
          </option>
          <option
            className="text-capitalize"
            key="Sides"
            value="Sides"
          >
            Sides
          </option>
          <option
            className="text-capitalize"
            key="Sauces"
            value="Sauces"
          >
            Sauces
          </option>
          <option
            className="text-capitalize"
            key="Baking"
            value="Baking"
          >
            Baking
          </option>
          <option
            className="text-capitalize"
            key="Desserts"
            value="Desserts"
          >
            Desserts
          </option>
          <option
            className="text-capitalize"
            key="Drinks"
            value="Drinks"
          >
            Drinks
          </option>
          <option
            className="text-capitalize"
            key="Salads"
            value="Salads"
          >
            Salads
          </option>
        </select>
      </li>
      <li
        className=" col-12 "
      >
        <input
          className="btn bg-success hovered"
          id="submit"
          type="submit"
          value="save"
        />
      </li>
      <li
        className=" col-12 "
      >
        <button
          className="btn btn-block btn-lg col-12 bg-warning hovered"
          onClick={[Function]}
        >
          Back
        </button>
      </li>
    </ul>
  </form>
</div>
`;
