// Jest Snapshot v1, https://goo.gl/fbAQLP

exports[`Test suite for GenerateReview component  Render component with empty props should match snapshot 1`] = `
<div>
  <p>
    Loading comments...
  </p>
</div>
`;

exports[`Test suite for GenerateReview component  Render component with props should match snapshot 1`] = `
<div>
  <p>
    Loading comments...
  </p>
</div>
`;
